[     205ms] [INFO] %cDownload the React DevTools for a better development experience: https://react.dev/link/react-devtools font-weight:bold @ http://localhost:3002/_next/static/chunks/0bnc_next_dist_0hnfry5._.js:2477
[     245ms] [LOG] [HMR] connected @ http://localhost:3002/_next/static/chunks/0bnc_next_dist_0hnfry5._.js:2477
[   76735ms] [LOG] [Fast Refresh] rebuilding @ http://localhost:3002/_next/static/chunks/0bnc_next_dist_0hnfry5._.js:2477
[   76758ms] [LOG] [Fast Refresh] done in 124ms @ http://localhost:3002/_next/static/chunks/0bnc_next_dist_0hnfry5._.js:2477
[   77007ms] [LOG] [Fast Refresh] rebuilding @ http://localhost:3002/_next/static/chunks/0bnc_next_dist_0hnfry5._.js:2477
[   77024ms] [LOG] [Fast Refresh] done in 117ms @ http://localhost:3002/_next/static/chunks/0bnc_next_dist_0hnfry5._.js:2477
[   82151ms] [LOG] [Fast Refresh] rebuilding @ http://localhost:3002/_next/static/chunks/0bnc_next_dist_0hnfry5._.js:2477
[   82221ms] [LOG] [Fast Refresh] done in 17ms @ http://localhost:3002/_next/static/chunks/0bnc_next_dist_0hnfry5._.js:2477
[   90531ms] [LOG] [Fast Refresh] rebuilding @ http://localhost:3002/_next/static/chunks/0bnc_next_dist_0hnfry5._.js:2477
[   90616ms] [LOG] [Fast Refresh] done in 138ms @ http://localhost:3002/_next/static/chunks/0bnc_next_dist_0hnfry5._.js:2477
[   90752ms] [LOG] [Fast Refresh] rebuilding @ http://localhost:3002/_next/static/chunks/0bnc_next_dist_0hnfry5._.js:2477
[   90764ms] [LOG] [Fast Refresh] done in 112ms @ http://localhost:3002/_next/static/chunks/0bnc_next_dist_0hnfry5._.js:2477
[   95183ms] [LOG] [Fast Refresh] rebuilding @ http://localhost:3002/_next/static/chunks/0bnc_next_dist_0hnfry5._.js:2477
[   95202ms] [LOG] [Fast Refresh] done in 75ms @ http://localhost:3002/_next/static/chunks/0bnc_next_dist_0hnfry5._.js:2477
[  282897ms] [LOG] [Fast Refresh] rebuilding @ http://localhost:3002/_next/static/chunks/0bnc_next_dist_0hnfry5._.js:2477
[  282942ms] [LOG] [Fast Refresh] done in 116ms @ http://localhost:3002/_next/static/chunks/0bnc_next_dist_0hnfry5._.js:2477
[  283136ms] [LOG] [Fast Refresh] rebuilding @ http://localhost:3002/_next/static/chunks/0bnc_next_dist_0hnfry5._.js:2477
[  283310ms] [LOG] [Fast Refresh] done in 276ms @ http://localhost:3002/_next/static/chunks/0bnc_next_dist_0hnfry5._.js:2477
[  283552ms] [LOG] [Fast Refresh] rebuilding @ http://localhost:3002/_next/static/chunks/0bnc_next_dist_0hnfry5._.js:2477
[  283720ms] [LOG] [Fast Refresh] done in 269ms @ http://localhost:3002/_next/static/chunks/0bnc_next_dist_0hnfry5._.js:2477
[  283865ms] [LOG] [Fast Refresh] rebuilding @ http://localhost:3002/_next/static/chunks/0bnc_next_dist_0hnfry5._.js:2477
[  284115ms] [LOG] [Fast Refresh] done in 353ms @ http://localhost:3002/_next/static/chunks/0bnc_next_dist_0hnfry5._.js:2477
[  289361ms] [LOG] [Fast Refresh] rebuilding @ http://localhost:3002/_next/static/chunks/0bnc_next_dist_0hnfry5._.js:2477
[  289373ms] [LOG] [Fast Refresh] done in 48ms @ http://localhost:3002/_next/static/chunks/0bnc_next_dist_0hnfry5._.js:2477
[  297394ms] [LOG] [Fast Refresh] rebuilding @ http://localhost:3002/_next/static/chunks/0bnc_next_dist_0hnfry5._.js:2477
[  297406ms] [LOG] [Fast Refresh] done in 68ms @ http://localhost:3002/_next/static/chunks/0bnc_next_dist_0hnfry5._.js:2477
[  304859ms] [LOG] [Fast Refresh] rebuilding @ http://localhost:3002/_next/static/chunks/0bnc_next_dist_0hnfry5._.js:2477
[  305044ms] [LOG] [Fast Refresh] done in 244ms @ http://localhost:3002/_next/static/chunks/0bnc_next_dist_0hnfry5._.js:2477
[  305182ms] [LOG] [Fast Refresh] rebuilding @ http://localhost:3002/_next/static/chunks/0bnc_next_dist_0hnfry5._.js:2477
[  305576ms] [LOG] [Fast Refresh] done in 496ms @ http://localhost:3002/_next/static/chunks/0bnc_next_dist_0hnfry5._.js:2477
[  306112ms] [LOG] [Fast Refresh] rebuilding @ http://localhost:3002/_next/static/chunks/0bnc_next_dist_0hnfry5._.js:2477
[  306115ms] [LOG] [Fast Refresh] done in 104ms @ http://localhost:3002/_next/static/chunks/0bnc_next_dist_0hnfry5._.js:2477
[  306222ms] [LOG] [Fast Refresh] rebuilding @ http://localhost:3002/_next/static/chunks/0bnc_next_dist_0hnfry5._.js:2477
[  306247ms] [LOG] [Fast Refresh] done in 126ms @ http://localhost:3002/_next/static/chunks/0bnc_next_dist_0hnfry5._.js:2477
[  309557ms] [LOG] [Fast Refresh] rebuilding @ http://localhost:3002/_next/static/chunks/0bnc_next_dist_0hnfry5._.js:2477
[  309647ms] [LOG] [Fast Refresh] done in 27ms @ http://localhost:3002/_next/static/chunks/0bnc_next_dist_0hnfry5._.js:2477
