[      75ms] [ERROR] Failed to load resource: the server responded with a status of 500 (Internal Server Error) @ http://localhost:3002/:0
[     114ms] [INFO] %cDownload the React DevTools for a better development experience: https://react.dev/link/react-devtools font-weight:bold @ http://localhost:3002/_next/static/chunks/0bnc_react-dom_0r1-80b._.js:15305
[     121ms] Error: ./Desktop/wix-clone/components/layout/Footer.tsx:8:41
Expected ',', got 'ident'
   6 |   { Icon: Search, text: 'Nous analysons vos besoins et votre organisation' },
   7 |   { Icon: UserPlus, text: 'Nous sélectionnons le profil idéal pour votre cabinet' },
>  8 |   { Icon: Shield, text: 'Nous gérons l'ensemble des démarches administratives' },
     |                                        ^^^^^^^^
   9 |   { Icon: CheckCircle, text: 'Vous bénéficiez d'un accompagnement continu' },
  10 | ];
  11 |

Parsing ecmascript source code failed

Import trace:
  Server Component:
    ./Desktop/wix-clone/components/layout/Footer.tsx
    ./Desktop/wix-clone/app/page.tsx


    at <unknown> (Error: ./Desktop/wix-clone/components/layout/Footer.tsx:8:41)
    at Object.getCompilationErrors (file:///Users/ethan/Desktop/wix-clone/node_modules/next/dist/server/dev/hot-reloader-turbopack.js:1186:59)
    at DevBundlerService.getCompilationError (file:///Users/ethan/Desktop/wix-clone/node_modules/next/dist/server/lib/dev-bundler-service.js:44:55)
    at DevServer.getCompilationError (file:///Users/ethan/Desktop/wix-clone/node_modules/next/dist/server/dev/next-dev-server.js:720:42)
    at DevServer.findPageComponents (file:///Users/ethan/Desktop/wix-clone/node_modules/next/dist/server/dev/next-dev-server.js:690:43)
    at async DevServer.renderErrorToResponseImpl (file:///Users/ethan/Desktop/wix-clone/node_modules/next/dist/server/base-server.js:1753:26)
[     121ms] [LOG] [HMR] connected @ http://localhost:3002/_next/static/chunks/0bnc_next_dist_0rv7lw.._.js:1226
[     123ms] [ERROR] ./Desktop/wix-clone/components/layout/Footer.tsx:8:41
Expected ',', got 'ident'
   6 |   { Icon: Search, text: 'Nous analysons vos besoins et votre organisation' },
   7 |   { Icon: UserPlus, text: 'Nous sélectionnons le profil idéal pour votre cabinet' },
>  8 |   { Icon: Shield, text: 'Nous gérons l'ensemble des démarches administratives' },
     |                                        ^^^^^^^^
   9 |   { Icon: CheckCircle, text: 'Vous bénéficiez d'un accompagnement continu' },
  10 | ];
  11 |

Parsing ecmascript source code failed

Import trace:
  Server Component:
    ./Desktop/wix-clone/components/layout/Footer.tsx
    ./Desktop/wix-clone/app/page.tsx @ http://localhost:3002/_next/static/chunks/0bnc_next_dist_0rv7lw.._.js:1945
[     123ms] [ERROR] ./Desktop/wix-clone/components/layout/Footer.tsx:8:41
Expected ',', got 'ident'
   6 |   { Icon: Search, text: 'Nous analysons vos besoins et votre organisation' },
   7 |   { Icon: UserPlus, text: 'Nous sélectionnons le profil idéal pour votre cabinet' },
>  8 |   { Icon: Shield, text: 'Nous gérons l'ensemble des démarches administratives' },
     |                                        ^^^^^^^^
   9 |   { Icon: CheckCircle, text: 'Vous bénéficiez d'un accompagnement continu' },
  10 | ];
  11 |

Parsing ecmascript source code failed

Import trace:
  Server Component:
    ./Desktop/wix-clone/components/layout/Footer.tsx
    ./Desktop/wix-clone/app/avantages-demarches/page.tsx @ http://localhost:3002/_next/static/chunks/0bnc_next_dist_0rv7lw.._.js:1945
[     123ms] [ERROR] ./Desktop/wix-clone/components/layout/Footer.tsx:8:41
Expected ',', got 'ident'
   6 |   { Icon: Search, text: 'Nous analysons vos besoins et votre organisation' },
   7 |   { Icon: UserPlus, text: 'Nous sélectionnons le profil idéal pour votre cabinet' },
>  8 |   { Icon: Shield, text: 'Nous gérons l'ensemble des démarches administratives' },
     |                                        ^^^^^^^^
   9 |   { Icon: CheckCircle, text: 'Vous bénéficiez d'un accompagnement continu' },
  10 | ];
  11 |

Parsing ecmascript source code failed

Import trace:
  Server Component:
    ./Desktop/wix-clone/components/layout/Footer.tsx
    ./Desktop/wix-clone/app/devenir-assistant-medical/page.tsx @ http://localhost:3002/_next/static/chunks/0bnc_next_dist_0rv7lw.._.js:1945
[     157ms] [ERROR] ./Desktop/wix-clone/components/layout/Footer.tsx:8:41
Expected ',', got 'ident'
   6 |   { Icon: Search, text: 'Nous analysons vos besoins et votre organisation' },
   7 |   { Icon: UserPlus, text: 'Nous sélectionnons le profil idéal pour votre cabinet' },
>  8 |   { Icon: Shield, text: 'Nous gérons l'ensemble des démarches administratives' },
     |                                        ^^^^^^^^
   9 |   { Icon: CheckCircle, text: 'Vous bénéficiez d'un accompagnement continu' },
  10 | ];
  11 |

Parsing ecmascript source code failed

Import trace:
  Server Component:
    ./Desktop/wix-clone/components/layout/Footer.tsx
    ./Desktop/wix-clone/app/page.tsx @ http://localhost:3002/_next/static/chunks/0bnc_next_dist_0rv7lw.._.js:1945
[     223ms] [LOG] [Fast Refresh] rebuilding @ http://localhost:3002/_next/static/chunks/0bnc_next_dist_0rv7lw.._.js:1226
[   11982ms] [LOG] [Fast Refresh] rebuilding @ http://localhost:3002/_next/static/chunks/0bnc_next_dist_0rv7lw.._.js:1226
[   12169ms] [LOG] [Fast Refresh] done in 192ms @ http://localhost:3002/_next/static/chunks/0bnc_next_dist_0rv7lw.._.js:1226
[   12795ms] [LOG] [Fast Refresh] rebuilding @ http://localhost:3002/_next/static/chunks/0bnc_next_dist_0rv7lw.._.js:1226
[   13108ms] [LOG] [Fast Refresh] done in 414ms @ http://localhost:3002/_next/static/chunks/0bnc_next_dist_0rv7lw.._.js:1226
[   13397ms] [INFO] %cDownload the React DevTools for a better development experience: https://react.dev/link/react-devtools font-weight:bold @ http://localhost:3002/_next/static/chunks/0bnc_next_dist_0hnfry5._.js:2477
[   13408ms] [LOG] [HMR] connected @ http://localhost:3002/_next/static/chunks/0bnc_next_dist_0hnfry5._.js:2477
