[    5467ms] [ERROR] Refused to get unsafe header "X-Sg-Cs" @ https://www.google.com/search?q=mes+comptes+bnp&oq=mes+comptes+bnp&gs_lcrp=EgZjaHJvbWUyDggAEEUYORhDGIAEGIoFMgcIARAAGIAEMgcIAhAAGIAEMgcIAxAAGIAEMgcIBBAAGIAEMgcIBRAAGIAEMgcIBhAAGIAEMgcIBxAAGIAEMgcICBAAGIAEMgcICRAAGIAE0gEINDQ1MmowajeoAgCwAgA&sourceid=chrome&ie=UTF-8:21
[    5467ms] [ERROR] Refused to get unsafe header "X-Sorry-Redirect" @ https://www.google.com/search?q=mes+comptes+bnp&oq=mes+comptes+bnp&gs_lcrp=EgZjaHJvbWUyDggAEEUYORhDGIAEGIoFMgcIARAAGIAEMgcIAhAAGIAEMgcIAxAAGIAEMgcIBBAAGIAEMgcIBRAAGIAEMgcIBhAAGIAEMgcIBxAAGIAEMgcICBAAGIAEMgcICRAAGIAE0gEINDQ1MmowajeoAgCwAgA&sourceid=chrome&ie=UTF-8:21
[    5866ms] [ERROR] Refused to get unsafe header "X-Sg-Cs" @ https://www.google.com/search?q=mes+comptes+bnp&oq=mes+comptes+bnp&gs_lcrp=EgZjaHJvbWUyDggAEEUYORhDGIAEGIoFMgcIARAAGIAEMgcIAhAAGIAEMgcIAxAAGIAEMgcIBBAAGIAEMgcIBRAAGIAEMgcIBhAAGIAEMgcIBxAAGIAEMgcICBAAGIAEMgcICRAAGIAE0gEINDQ1MmowajeoAgCwAgA&sourceid=chrome&ie=UTF-8:21
[    5866ms] [ERROR] Refused to get unsafe header "X-Sorry-Redirect" @ https://www.google.com/search?q=mes+comptes+bnp&oq=mes+comptes+bnp&gs_lcrp=EgZjaHJvbWUyDggAEEUYORhDGIAEGIoFMgcIARAAGIAEMgcIAhAAGIAEMgcIAxAAGIAEMgcIBBAAGIAEMgcIBRAAGIAEMgcIBhAAGIAEMgcIBxAAGIAEMgcICBAAGIAEMgcICRAAGIAE0gEINDQ1MmowajeoAgCwAgA&sourceid=chrome&ie=UTF-8:21
[    6845ms] [LOG] JQMIGRATE: Migrate is installed with logging active, version 1.4.1 @ https://mabanque.bnpparibas/etc.clientlibs/bnpparibas-socle-wcm-front/clientlibs/clientlib-jquery.min.b0b3d702516294097d82b867c3f6b76c.js:190
[    6846ms] [LOG] JQMIGRATE: Migrate plugin loaded multiple times @ https://mabanque.bnpparibas/etc.clientlibs/bnpparibas-socle-wcm-front/clientlibs/clientlib-jquery.min.b0b3d702516294097d82b867c3f6b76c.js:213
[    6846ms] [LOG] JQMIGRATE: Migrate is installed with logging active, version 3.4.1 @ https://mabanque.bnpparibas/etc.clientlibs/bnpparibas-socle-wcm-front/clientlibs/clientlib-jquery.min.b0b3d702516294097d82b867c3f6b76c.js:213
[    7125ms] [WARNING] JQMIGRATE: jQuery.trim is deprecated; use String.prototype.trim @ https://mabanque.bnpparibas/etc.clientlibs/bnpparibas-socle-wcm-front/clientlibs/clientlib-jquery.min.b0b3d702516294097d82b867c3f6b76c.js:211
[    7464ms] [ERROR] Failed to load resource: the server responded with a status of 404 (Not Found) @ https://mabanque.bnpparibas/akam/13/3798984c:0
[   11600ms] [LOG] JQMIGRATE: Migrate is installed with logging active, version 1.4.1 @ https://mabanque.bnpparibas/etc.clientlibs/bnpparibas-socle-wcm-front/clientlibs/clientlib-jquery.min.b0b3d702516294097d82b867c3f6b76c.js:190
[   11600ms] [LOG] JQMIGRATE: Migrate plugin loaded multiple times @ https://mabanque.bnpparibas/etc.clientlibs/bnpparibas-socle-wcm-front/clientlibs/clientlib-jquery.min.b0b3d702516294097d82b867c3f6b76c.js:213
[   11600ms] [LOG] JQMIGRATE: Migrate is installed with logging active, version 3.4.1 @ https://mabanque.bnpparibas/etc.clientlibs/bnpparibas-socle-wcm-front/clientlibs/clientlib-jquery.min.b0b3d702516294097d82b867c3f6b76c.js:213
[   11605ms] [WARNING] JQMIGRATE: jQuery.trim is deprecated; use String.prototype.trim @ https://mabanque.bnpparibas/etc.clientlibs/bnpparibas-socle-wcm-front/clientlibs/clientlib-jquery.min.b0b3d702516294097d82b867c3f6b76c.js:211
[   12304ms] [ERROR] Failed to load resource: net::ERR_NAME_NOT_RESOLVED @ https://cdn.admo.tv/bnp/script.min.js:0
[   83188ms] [ERROR] Failed to load resource: net::ERR_CONNECTION_TIMED_OUT @ https://w-services.bnpparibas.net/services/trace/v1/nextoutils?_=1778142451775:0
[  105299ms] [LOG] JQMIGRATE: Migrate is installed with logging active, version 1.4.1 @ https://mabanque.bnpparibas/etc.clientlibs/bnpparibas-socle-wcm-front/clientlibs/clientlib-jquery.min.b0b3d702516294097d82b867c3f6b76c.js:190
[  105299ms] [LOG] JQMIGRATE: Migrate plugin loaded multiple times @ https://mabanque.bnpparibas/etc.clientlibs/bnpparibas-socle-wcm-front/clientlibs/clientlib-jquery.min.b0b3d702516294097d82b867c3f6b76c.js:213
[  105299ms] [LOG] JQMIGRATE: Migrate is installed with logging active, version 3.4.1 @ https://mabanque.bnpparibas/etc.clientlibs/bnpparibas-socle-wcm-front/clientlibs/clientlib-jquery.min.b0b3d702516294097d82b867c3f6b76c.js:213
[  105312ms] [WARNING] JQMIGRATE: jQuery.trim is deprecated; use String.prototype.trim @ https://mabanque.bnpparibas/etc.clientlibs/bnpparibas-socle-wcm-front/clientlibs/clientlib-jquery.min.b0b3d702516294097d82b867c3f6b76c.js:211
[  105970ms] [ERROR] Failed to load resource: net::ERR_NAME_NOT_RESOLVED @ https://cdn.admo.tv/bnp/script.min.js:0
