[      92ms] [INFO] %cDownload the React DevTools for a better development experience: https://react.dev/link/react-devtools font-weight:bold @ http://localhost:3002/_next/static/chunks/0bnc_next_dist_0hnfry5._.js:2477
[      98ms] [LOG] [HMR] connected @ http://localhost:3002/_next/static/chunks/0bnc_next_dist_0hnfry5._.js:2477
[     112ms] [WARNING] Image with src "/assets/icone_documents.png" has either width or height modified, but not the other. If you use CSS to change the size of your image, also include the styles 'width: "auto"' or 'height: "auto"' to maintain the aspect ratio. @ http://localhost:3002/_next/static/chunks/0bnc_next_dist_0hnfry5._.js:2477
[     112ms] [WARNING] Image with src "/assets/icone_sante.png" has either width or height modified, but not the other. If you use CSS to change the size of your image, also include the styles 'width: "auto"' or 'height: "auto"' to maintain the aspect ratio. @ http://localhost:3002/_next/static/chunks/0bnc_next_dist_0hnfry5._.js:2477
[  178376ms] [LOG] [Fast Refresh] rebuilding @ http://localhost:3002/_next/static/chunks/0bnc_next_dist_0hnfry5._.js:2477
[  178403ms] [LOG] [Fast Refresh] done in 54ms @ http://localhost:3002/_next/static/chunks/0bnc_next_dist_0hnfry5._.js:2477
[  194050ms] [LOG] [Fast Refresh] rebuilding @ http://localhost:3002/_next/static/chunks/0bnc_next_dist_0hnfry5._.js:2477
[  194176ms] [LOG] [Fast Refresh] done in 45ms @ http://localhost:3002/_next/static/chunks/0bnc_next_dist_0hnfry5._.js:2477
[  199755ms] [LOG] [Fast Refresh] rebuilding @ http://localhost:3002/_next/static/chunks/0bnc_next_dist_0hnfry5._.js:2477
[  199791ms] [LOG] [Fast Refresh] done in 20ms @ http://localhost:3002/_next/static/chunks/0bnc_next_dist_0hnfry5._.js:2477
[  208310ms] [LOG] [Fast Refresh] rebuilding @ http://localhost:3002/_next/static/chunks/0bnc_next_dist_0hnfry5._.js:2477
[  208391ms] [LOG] [Fast Refresh] done in 73ms @ http://localhost:3002/_next/static/chunks/0bnc_next_dist_0hnfry5._.js:2477
[  212498ms] [INFO] %cDownload the React DevTools for a better development experience: https://react.dev/link/react-devtools font-weight:bold @ http://localhost:3002/_next/static/chunks/0bnc_next_dist_0hnfry5._.js:2477
[  212505ms] [LOG] [HMR] connected @ http://localhost:3002/_next/static/chunks/0bnc_next_dist_0hnfry5._.js:2477
[  212520ms] [WARNING] Image with src "/assets/icone_documents.png" has either width or height modified, but not the other. If you use CSS to change the size of your image, also include the styles 'width: "auto"' or 'height: "auto"' to maintain the aspect ratio. @ http://localhost:3002/_next/static/chunks/0bnc_next_dist_0hnfry5._.js:2477
[  212520ms] [WARNING] Image with src "/assets/icone_sante.png" has either width or height modified, but not the other. If you use CSS to change the size of your image, also include the styles 'width: "auto"' or 'height: "auto"' to maintain the aspect ratio. @ http://localhost:3002/_next/static/chunks/0bnc_next_dist_0hnfry5._.js:2477
[  215784ms] [WARNING] Image with src "/assets/icone_coordination2.png" has either width or height modified, but not the other. If you use CSS to change the size of your image, also include the styles 'width: "auto"' or 'height: "auto"' to maintain the aspect ratio. @ http://localhost:3002/_next/static/chunks/0bnc_next_dist_0hnfry5._.js:2477
[  217278ms] [LOG] [Fast Refresh] rebuilding @ http://localhost:3002/_next/static/chunks/0bnc_next_dist_0hnfry5._.js:2477
[  217331ms] [LOG] [Fast Refresh] done in 17ms @ http://localhost:3002/_next/static/chunks/0bnc_next_dist_0hnfry5._.js:2477
[  222059ms] [WARNING] Detected `scroll-behavior: smooth` on the `<html>` element. To disable smooth scrolling during route transitions, add `data-scroll-behavior="smooth"` to your <html> element. Learn more: https://nextjs.org/docs/messages/missing-data-scroll-behavior @ http://localhost:3002/_next/static/chunks/0bnc_next_dist_0hnfry5._.js:2477
[  222071ms] [WARNING] Image with src "/assets/icone_patient.png" has either width or height modified, but not the other. If you use CSS to change the size of your image, also include the styles 'width: "auto"' or 'height: "auto"' to maintain the aspect ratio. @ http://localhost:3002/_next/static/chunks/0bnc_next_dist_0hnfry5._.js:2477
[  222071ms] [WARNING] Image with src "/assets/icone_coordination.png" has either width or height modified, but not the other. If you use CSS to change the size of your image, also include the styles 'width: "auto"' or 'height: "auto"' to maintain the aspect ratio. @ http://localhost:3002/_next/static/chunks/0bnc_next_dist_0hnfry5._.js:2477
[  222072ms] [WARNING] Image with src "/assets/icone_flexibilite.png" has either width or height modified, but not the other. If you use CSS to change the size of your image, also include the styles 'width: "auto"' or 'height: "auto"' to maintain the aspect ratio. @ http://localhost:3002/_next/static/chunks/0bnc_next_dist_0hnfry5._.js:2477
[  222072ms] [WARNING] Image with src "/assets/icone_fonctionnalites.png" has either width or height modified, but not the other. If you use CSS to change the size of your image, also include the styles 'width: "auto"' or 'height: "auto"' to maintain the aspect ratio. @ http://localhost:3002/_next/static/chunks/0bnc_next_dist_0hnfry5._.js:2477
[  225923ms] [LOG] [Fast Refresh] rebuilding @ http://localhost:3002/_next/static/chunks/0bnc_next_dist_0hnfry5._.js:2477
[  225968ms] [LOG] [Fast Refresh] done in 22ms @ http://localhost:3002/_next/static/chunks/0bnc_next_dist_0hnfry5._.js:2477
