[      76ms] [INFO] %cDownload the React DevTools for a better development experience: https://react.dev/link/react-devtools font-weight:bold @ http://localhost:3002/_next/static/chunks/0bnc_next_dist_0hnfry5._.js:2477
[      84ms] [LOG] [HMR] connected @ http://localhost:3002/_next/static/chunks/0bnc_next_dist_0hnfry5._.js:2477
[     108ms] [WARNING] Image with src "/assets/icone_temps.png" has either width or height modified, but not the other. If you use CSS to change the size of your image, also include the styles 'width: "auto"' or 'height: "auto"' to maintain the aspect ratio. @ http://localhost:3002/_next/static/chunks/0bnc_next_dist_0hnfry5._.js:2477
[     108ms] [WARNING] Image with src "/assets/icone_documents.png" has either width or height modified, but not the other. If you use CSS to change the size of your image, also include the styles 'width: "auto"' or 'height: "auto"' to maintain the aspect ratio. @ http://localhost:3002/_next/static/chunks/0bnc_next_dist_0hnfry5._.js:2477
[     108ms] [WARNING] Image with src "/assets/icone_sante.png" has either width or height modified, but not the other. If you use CSS to change the size of your image, also include the styles 'width: "auto"' or 'height: "auto"' to maintain the aspect ratio. @ http://localhost:3002/_next/static/chunks/0bnc_next_dist_0hnfry5._.js:2477
[     108ms] [WARNING] Image with src "/assets/icone_argent.png" has either width or height modified, but not the other. If you use CSS to change the size of your image, also include the styles 'width: "auto"' or 'height: "auto"' to maintain the aspect ratio. @ http://localhost:3002/_next/static/chunks/0bnc_next_dist_0hnfry5._.js:2477
[     141ms] [ERROR] Failed to load resource: the server responded with a status of 400 (Bad Request) @ http://localhost:3002/_next/image?url=%2Fassets%2Fameli-thumbnail.png&w=1920&q=75:0
[     142ms] [ERROR] Failed to load resource: the server responded with a status of 400 (Bad Request) @ http://localhost:3002/_next/image?url=%2Fassets%2Ftestimonial-bg.jpg&w=3840&q=75:0
[   14173ms] [LOG] [Fast Refresh] rebuilding @ http://localhost:3002/_next/static/chunks/0bnc_next_dist_0hnfry5._.js:2477
[   14315ms] [LOG] [Fast Refresh] done in 242ms @ http://localhost:3002/_next/static/chunks/0bnc_next_dist_0hnfry5._.js:2477
[   14333ms] [WARNING] Detected `scroll-behavior: smooth` on the `<html>` element. To disable smooth scrolling during route transitions, add `data-scroll-behavior="smooth"` to your <html> element. Learn more: https://nextjs.org/docs/messages/missing-data-scroll-behavior @ http://localhost:3002/_next/static/chunks/0bnc_next_dist_0hnfry5._.js:2477
[   14357ms] [WARNING] Image with src "/assets/icone_patient.png" has either width or height modified, but not the other. If you use CSS to change the size of your image, also include the styles 'width: "auto"' or 'height: "auto"' to maintain the aspect ratio. @ http://localhost:3002/_next/static/chunks/0bnc_next_dist_0hnfry5._.js:2477
[   14358ms] [WARNING] Image with src "/assets/icone_fonctionnalites.png" has either width or height modified, but not the other. If you use CSS to change the size of your image, also include the styles 'width: "auto"' or 'height: "auto"' to maintain the aspect ratio. @ http://localhost:3002/_next/static/chunks/0bnc_next_dist_0hnfry5._.js:2477
[   14364ms] [WARNING] Image with src "/assets/icone_flexibilite.png" has either width or height modified, but not the other. If you use CSS to change the size of your image, also include the styles 'width: "auto"' or 'height: "auto"' to maintain the aspect ratio. @ http://localhost:3002/_next/static/chunks/0bnc_next_dist_0hnfry5._.js:2477
[   14373ms] [WARNING] Image with src "/assets/icone_coordination.png" has either width or height modified, but not the other. If you use CSS to change the size of your image, also include the styles 'width: "auto"' or 'height: "auto"' to maintain the aspect ratio. @ http://localhost:3002/_next/static/chunks/0bnc_next_dist_0hnfry5._.js:2477
[   25495ms] [LOG] [Fast Refresh] rebuilding @ http://localhost:3002/_next/static/chunks/0bnc_next_dist_0hnfry5._.js:2477
[   25576ms] [LOG] [Fast Refresh] done in 181ms @ http://localhost:3002/_next/static/chunks/0bnc_next_dist_0hnfry5._.js:2477
[   25585ms] [WARNING] Image with src "/assets/icone_coordination2.png" has either width or height modified, but not the other. If you use CSS to change the size of your image, also include the styles 'width: "auto"' or 'height: "auto"' to maintain the aspect ratio. @ http://localhost:3002/_next/static/chunks/0bnc_next_dist_0hnfry5._.js:2477
[   82722ms] [ERROR] Failed to load resource: the server responded with a status of 400 (Bad Request) @ http://localhost:3002/_next/image?url=%2Fassets%2Fameli-thumbnail.png&w=1920&q=75:0
[   82723ms] [ERROR] Failed to load resource: the server responded with a status of 400 (Bad Request) @ http://localhost:3002/_next/image?url=%2Fassets%2Ftestimonial-bg.jpg&w=3840&q=75:0
[  161736ms] [LOG] [Fast Refresh] rebuilding @ http://localhost:3002/_next/static/chunks/0bnc_next_dist_0hnfry5._.js:2477
[  161761ms] [LOG] [Fast Refresh] done in 28ms @ http://localhost:3002/_next/static/chunks/0bnc_next_dist_0hnfry5._.js:2477
[  162300ms] [LOG] [Fast Refresh] rebuilding @ http://localhost:3002/_next/static/chunks/0bnc_next_dist_0hnfry5._.js:2477
[  162338ms] [LOG] [Fast Refresh] done in 15ms @ http://localhost:3002/_next/static/chunks/0bnc_next_dist_0hnfry5._.js:2477
