[      99ms] [INFO] %cDownload the React DevTools for a better development experience: https://react.dev/link/react-devtools font-weight:bold @ http://localhost:3002/_next/static/chunks/0bnc_next_dist_0hnfry5._.js:2477
[     116ms] [LOG] [HMR] connected @ http://localhost:3002/_next/static/chunks/0bnc_next_dist_0hnfry5._.js:2477
[     139ms] [WARNING] Image with src "/assets/icone_documents.png" has either width or height modified, but not the other. If you use CSS to change the size of your image, also include the styles 'width: "auto"' or 'height: "auto"' to maintain the aspect ratio. @ http://localhost:3002/_next/static/chunks/0bnc_next_dist_0hnfry5._.js:2477
[     139ms] [WARNING] Image with src "/assets/icone_sante.png" has either width or height modified, but not the other. If you use CSS to change the size of your image, also include the styles 'width: "auto"' or 'height: "auto"' to maintain the aspect ratio. @ http://localhost:3002/_next/static/chunks/0bnc_next_dist_0hnfry5._.js:2477
[     139ms] [WARNING] Image with src "/assets/icone_coordination2.png" has either width or height modified, but not the other. If you use CSS to change the size of your image, also include the styles 'width: "auto"' or 'height: "auto"' to maintain the aspect ratio. @ http://localhost:3002/_next/static/chunks/0bnc_next_dist_0hnfry5._.js:2477
[   47132ms] [LOG] [Fast Refresh] rebuilding @ http://localhost:3002/_next/static/chunks/0bnc_next_dist_0hnfry5._.js:2477
[   47323ms] [ERROR] Failed to load resource: the server responded with a status of 500 (Internal Server Error) @ http://localhost:3002/devenir-assistant-medical?_rsc=uqrb2w0SdxRlms6M:0
[   47327ms] [ERROR] Failed to load resource: the server responded with a status of 500 (Internal Server Error) @ http://localhost:3002/devenir-assistant-medical?_rsc=uqrb2w0SdxRlms6M:0
[   47330ms] [ERROR] Failed to load resource: the server responded with a status of 500 (Internal Server Error) @ http://localhost:3002/devenir-assistant-medical?_rsc=uqrb2w0SdxRlms6M:0
[   47332ms] [ERROR] Failed to load resource: the server responded with a status of 500 (Internal Server Error) @ http://localhost:3002/devenir-assistant-medical?_rsc=uqrb2w0SdxRlms6M:0
[   47334ms] [ERROR] Failed to load resource: the server responded with a status of 500 (Internal Server Error) @ http://localhost:3002/devenir-assistant-medical?_rsc=uqrb2w0SdxRlms6M:0
[   47336ms] [ERROR] Failed to load resource: the server responded with a status of 500 (Internal Server Error) @ http://localhost:3002/devenir-assistant-medical?_rsc=uqrb2w0SdxRlms6M:0
[   47338ms] [ERROR] Failed to load resource: the server responded with a status of 500 (Internal Server Error) @ http://localhost:3002/devenir-assistant-medical?_rsc=uqrb2w0SdxRlms6M:0
[   47340ms] [ERROR] Failed to load resource: the server responded with a status of 500 (Internal Server Error) @ http://localhost:3002/devenir-assistant-medical?_rsc=uqrb2w0SdxRlms6M:0
[   47342ms] [ERROR] Failed to load resource: the server responded with a status of 500 (Internal Server Error) @ http://localhost:3002/devenir-assistant-medical?_rsc=uqrb2w0SdxRlms6M:0
[   47346ms] [ERROR] Failed to load resource: the server responded with a status of 500 (Internal Server Error) @ http://localhost:3002/devenir-assistant-medical?_rsc=uqrb2w0SdxRlms6M:0
[   47348ms] [ERROR] Failed to load resource: the server responded with a status of 500 (Internal Server Error) @ http://localhost:3002/devenir-assistant-medical?_rsc=uqrb2w0SdxRlms6M:0
[   47351ms] [ERROR] Failed to load resource: the server responded with a status of 500 (Internal Server Error) @ http://localhost:3002/devenir-assistant-medical?_rsc=uqrb2w0SdxRlms6M:0
[   47354ms] [ERROR] Failed to load resource: the server responded with a status of 500 (Internal Server Error) @ http://localhost:3002/devenir-assistant-medical?_rsc=uqrb2w0SdxRlms6M:0
[   47357ms] [ERROR] Failed to load resource: the server responded with a status of 500 (Internal Server Error) @ http://localhost:3002/devenir-assistant-medical?_rsc=uqrb2w0SdxRlms6M:0
[   47360ms] [ERROR] Failed to load resource: the server responded with a status of 500 (Internal Server Error) @ http://localhost:3002/devenir-assistant-medical?_rsc=uqrb2w0SdxRlms6M:0
[   47378ms] [ERROR] Failed to load resource: the server responded with a status of 500 (Internal Server Error) @ http://localhost:3002/devenir-assistant-medical?_rsc=uqrb2w0SdxRlms6M:0
[   47388ms] [ERROR] Failed to load resource: the server responded with a status of 500 (Internal Server Error) @ http://localhost:3002/devenir-assistant-medical:0
[   47409ms] [ERROR] Failed to load resource: the server responded with a status of 404 (Not Found) @ http://localhost:3002/favicon.ico:0
