[    1172ms] [ERROR] Failed to load resource: the server responded with a status of 500 (Internal Server Error) @ http://localhost:3002/:0
[    1220ms] [INFO] %cDownload the React DevTools for a better development experience: https://react.dev/link/react-devtools font-weight:bold @ http://localhost:3002/_next/static/chunks/0bnc_react-dom_0r1-80b._.js:15305
[    1248ms] Error: ./Desktop/wix-clone/app/globals.css:1158:8
Parsing CSS source code failed
  1156 |   }
  1157 | }
> 1158 | @import url('https://fonts.googleapis.com/css2?family=Work+Sans:wght@200;300;400;500;600...
       |        ^
  1159 | :root {
  1160 |   --primary: #093e98;
  1161 |   --secondary: #1d67cd;

@import rules must precede all rules aside from @charset and @layer statements

Generated code of PostCSS transform of file content of Desktop/wix-clone/app/globals.css:
./Desktop/wix-clone/app/globals.css:1158:8
  1156 |   }
  1157 | }
> 1158 | @import url('https://fonts.googleapis.com/css2?family=Work+Sans:wght@200;300;400;500;600...
       |        ^
  1159 | :root {
  1160 |   --primary: #093e98;
  1161 |   --secondary: #1d67cd;

Import trace:
  Client Component Browser:
    ./Desktop/wix-clone/app/globals.css [Client Component Browser]
    ./Desktop/wix-clone/app/layout.tsx [Server Component]


    at <unknown> (Error: ./Desktop/wix-clone/app/globals.css:1158:8)
    at <unknown> (./Desktop/wix-clone/app/globals.css:1158:8)
    at Object.getCompilationErrors (file:///Users/ethan/Desktop/wix-clone/node_modules/next/dist/server/dev/hot-reloader-turbopack.js:1186:59)
    at DevBundlerService.getCompilationError (file:///Users/ethan/Desktop/wix-clone/node_modules/next/dist/server/lib/dev-bundler-service.js:44:55)
    at DevServer.getCompilationError (file:///Users/ethan/Desktop/wix-clone/node_modules/next/dist/server/dev/next-dev-server.js:720:42)
    at DevServer.findPageComponents (file:///Users/ethan/Desktop/wix-clone/node_modules/next/dist/server/dev/next-dev-server.js:690:43)
    at async DevServer.renderErrorToResponseImpl (file:///Users/ethan/Desktop/wix-clone/node_modules/next/dist/server/base-server.js:1753:26)
[    1247ms] [LOG] [HMR] connected @ http://localhost:3002/_next/static/chunks/0bnc_next_dist_0rv7lw.._.js:1226
[    1325ms] [ERROR] ./Desktop/wix-clone/app/globals.css:1158:8
Parsing CSS source code failed
  1156 |   }
  1157 | }
> 1158 | @import url('https://fonts.googleapis.com/css2?family=Work+Sans:wght@200;300;400;500;600...
       |        ^
  1159 | :root {
  1160 |   --primary: #093e98;
  1161 |   --secondary: #1d67cd;

@import rules must precede all rules aside from @charset and @layer statements

Generated code of PostCSS transform of file content of Desktop/wix-clone/app/globals.css:
./Desktop/wix-clone/app/globals.css:1158:8
  1156 |   }
  1157 | }
> 1158 | @import url('https://fonts.googleapis.com/css2?family=Work+Sans:wght@200;300;400;500;600...
       |        ^
  1159 | :root {
  1160 |   --primary: #093e98;
  1161 |   --secondary: #1d67cd;

Import trace:
  Client Component Browser:
    ./Desktop/wix-clone/app/globals.css [Client Component Browser]
    ./Desktop/wix-clone/app/layout.tsx [Server Component] @ http://localhost:3002/_next/static/chunks/0bnc_next_dist_0rv7lw.._.js:1945
[    1361ms] [ERROR] ./Desktop/wix-clone/app/globals.css:1158:8
Parsing CSS source code failed
  1156 |   }
  1157 | }
> 1158 | @import url('https://fonts.googleapis.com/css2?family=Work+Sans:wght@200;300;400;500;600...
       |        ^
  1159 | :root {
  1160 |   --primary: #093e98;
  1161 |   --secondary: #1d67cd;

@import rules must precede all rules aside from @charset and @layer statements

Generated code of PostCSS transform of file content of Desktop/wix-clone/app/globals.css:
./Desktop/wix-clone/app/globals.css:1158:8
  1156 |   }
  1157 | }
> 1158 | @import url('https://fonts.googleapis.com/css2?family=Work+Sans:wght@200;300;400;500;600...
       |        ^
  1159 | :root {
  1160 |   --primary: #093e98;
  1161 |   --secondary: #1d67cd;

Import trace:
  Client Component Browser:
    ./Desktop/wix-clone/app/globals.css [Client Component Browser]
    ./Desktop/wix-clone/app/layout.tsx [Server Component] @ http://localhost:3002/_next/static/chunks/0bnc_next_dist_0rv7lw.._.js:1945
[    1427ms] [LOG] [Fast Refresh] rebuilding @ http://localhost:3002/_next/static/chunks/0bnc_next_dist_0rv7lw.._.js:1226
[    1775ms] [ERROR] ./Desktop/wix-clone/app/globals.css:1158:8
Parsing CSS source code failed
  1156 |   }
  1157 | }
> 1158 | @import url('https://fonts.googleapis.com/css2?family=Work+Sans:wght@200;300;400;500;600...
       |        ^
  1159 | :root {
  1160 |   --primary: #093e98;
  1161 |   --secondary: #1d67cd;

@import rules must precede all rules aside from @charset and @layer statements

Generated code of PostCSS transform of file content of Desktop/wix-clone/app/globals.css:
./Desktop/wix-clone/app/globals.css:1158:8
  1156 |   }
  1157 | }
> 1158 | @import url('https://fonts.googleapis.com/css2?family=Work+Sans:wght@200;300;400;500;600...
       |        ^
  1159 | :root {
  1160 |   --primary: #093e98;
  1161 |   --secondary: #1d67cd;

Import trace:
  Client Component Browser:
    ./Desktop/wix-clone/app/globals.css [Client Component Browser]
    ./Desktop/wix-clone/app/layout.tsx [Server Component] @ http://localhost:3002/_next/static/chunks/0bnc_next_dist_0rv7lw.._.js:1945
[   22102ms] [ERROR] ./Desktop/wix-clone/app/globals.css:1158:8
Parsing CSS source code failed
  1156 |   }
  1157 | }
> 1158 | @import url('https://fonts.googleapis.com/css2?family=Work+Sans:wght@200;300;400;500;600...
       |        ^
  1159 | :root {
  1160 |   --primary: #093e98;
  1161 |   --secondary: #1d67cd;

@import rules must precede all rules aside from @charset and @layer statements

Generated code of PostCSS transform of file content of Desktop/wix-clone/app/globals.css:
./Desktop/wix-clone/app/globals.css:1158:8
  1156 |   }
  1157 | }
> 1158 | @import url('https://fonts.googleapis.com/css2?family=Work+Sans:wght@200;300;400;500;600...
       |        ^
  1159 | :root {
  1160 |   --primary: #093e98;
  1161 |   --secondary: #1d67cd;

Import trace:
  Client Component Browser:
    ./Desktop/wix-clone/app/globals.css [Client Component Browser]
    ./Desktop/wix-clone/app/layout.tsx [Server Component] @ http://localhost:3002/_next/static/chunks/0bnc_next_dist_0rv7lw.._.js:1945
[   22134ms] [LOG] [Fast Refresh] rebuilding @ http://localhost:3002/_next/static/chunks/0bnc_next_dist_0rv7lw.._.js:1226
[   27452ms] [LOG] [Fast Refresh] rebuilding @ http://localhost:3002/_next/static/chunks/0bnc_next_dist_0rv7lw.._.js:1226
[   27945ms] [ERROR] ./Desktop/wix-clone/app/globals.css:1158:8
Parsing CSS source code failed
  1156 |   }
  1157 | }
> 1158 | @import url('https://fonts.googleapis.com/css2?family=Work+Sans:wght@200;300;400;500;600...
       |        ^
  1159 | :root {
  1160 |   --primary: #093e98;
  1161 |   --secondary: #1d67cd;

@import rules must precede all rules aside from @charset and @layer statements

Generated code of PostCSS transform of file content of Desktop/wix-clone/app/globals.css:
./Desktop/wix-clone/app/globals.css:1158:8
  1156 |   }
  1157 | }
> 1158 | @import url('https://fonts.googleapis.com/css2?family=Work+Sans:wght@200;300;400;500;600...
       |        ^
  1159 | :root {
  1160 |   --primary: #093e98;
  1161 |   --secondary: #1d67cd;

Import trace:
  Client Component Browser:
    ./Desktop/wix-clone/app/globals.css [Client Component Browser]
    ./Desktop/wix-clone/app/layout.tsx [Server Component] @ http://localhost:3002/_next/static/chunks/0bnc_next_dist_0rv7lw.._.js:1945
[   28029ms] [ERROR] Failed to load resource: the server responded with a status of 500 (Internal Server Error) @ http://localhost:3002/:0
[   28071ms] [INFO] %cDownload the React DevTools for a better development experience: https://react.dev/link/react-devtools font-weight:bold @ http://localhost:3002/_next/static/chunks/0bnc_react-dom_0r1-80b._.js:15305
[   28080ms] Error: ./Desktop/wix-clone/app/globals.css:1158:8
Parsing CSS source code failed
  1156 |   }
  1157 | }
> 1158 | @import url('https://fonts.googleapis.com/css2?family=Work+Sans:wght@200;300;400;500;600...
       |        ^
  1159 | :root {
  1160 |   --primary: #093e98;
  1161 |   --secondary: #1d67cd;

@import rules must precede all rules aside from @charset and @layer statements

Generated code of PostCSS transform of file content of Desktop/wix-clone/app/globals.css:
./Desktop/wix-clone/app/globals.css:1158:8
  1156 |   }
  1157 | }
> 1158 | @import url('https://fonts.googleapis.com/css2?family=Work+Sans:wght@200;300;400;500;600...
       |        ^
  1159 | :root {
  1160 |   --primary: #093e98;
  1161 |   --secondary: #1d67cd;

Import trace:
  Client Component Browser:
    ./Desktop/wix-clone/app/globals.css [Client Component Browser]
    ./Desktop/wix-clone/app/layout.tsx [Server Component]


    at <unknown> (Error: ./Desktop/wix-clone/app/globals.css:1158:8)
    at <unknown> (./Desktop/wix-clone/app/globals.css:1158:8)
    at Object.getCompilationErrors (file:///Users/ethan/Desktop/wix-clone/node_modules/next/dist/server/dev/hot-reloader-turbopack.js:1186:59)
    at DevBundlerService.getCompilationError (file:///Users/ethan/Desktop/wix-clone/node_modules/next/dist/server/lib/dev-bundler-service.js:44:55)
    at DevServer.getCompilationError (file:///Users/ethan/Desktop/wix-clone/node_modules/next/dist/server/dev/next-dev-server.js:720:42)
    at DevServer.findPageComponents (file:///Users/ethan/Desktop/wix-clone/node_modules/next/dist/server/dev/next-dev-server.js:690:43)
    at async DevServer.renderErrorToResponseImpl (file:///Users/ethan/Desktop/wix-clone/node_modules/next/dist/server/base-server.js:1753:26)
[   28080ms] [LOG] [HMR] connected @ http://localhost:3002/_next/static/chunks/0bnc_next_dist_0rv7lw.._.js:1226
[   28081ms] [ERROR] ./Desktop/wix-clone/app/globals.css:1158:8
Parsing CSS source code failed
  1156 |   }
  1157 | }
> 1158 | @import url('https://fonts.googleapis.com/css2?family=Work+Sans:wght@200;300;400;500;600...
       |        ^
  1159 | :root {
  1160 |   --primary: #093e98;
  1161 |   --secondary: #1d67cd;

@import rules must precede all rules aside from @charset and @layer statements

Generated code of PostCSS transform of file content of Desktop/wix-clone/app/globals.css:
./Desktop/wix-clone/app/globals.css:1158:8
  1156 |   }
  1157 | }
> 1158 | @import url('https://fonts.googleapis.com/css2?family=Work+Sans:wght@200;300;400;500;600...
       |        ^
  1159 | :root {
  1160 |   --primary: #093e98;
  1161 |   --secondary: #1d67cd;

Import trace:
  Client Component Browser:
    ./Desktop/wix-clone/app/globals.css [Client Component Browser]
    ./Desktop/wix-clone/app/layout.tsx [Server Component] @ http://localhost:3002/_next/static/chunks/0bnc_next_dist_0rv7lw.._.js:1945
[   28113ms] [ERROR] ./Desktop/wix-clone/app/globals.css:1158:8
Parsing CSS source code failed
  1156 |   }
  1157 | }
> 1158 | @import url('https://fonts.googleapis.com/css2?family=Work+Sans:wght@200;300;400;500;600...
       |        ^
  1159 | :root {
  1160 |   --primary: #093e98;
  1161 |   --secondary: #1d67cd;

@import rules must precede all rules aside from @charset and @layer statements

Generated code of PostCSS transform of file content of Desktop/wix-clone/app/globals.css:
./Desktop/wix-clone/app/globals.css:1158:8
  1156 |   }
  1157 | }
> 1158 | @import url('https://fonts.googleapis.com/css2?family=Work+Sans:wght@200;300;400;500;600...
       |        ^
  1159 | :root {
  1160 |   --primary: #093e98;
  1161 |   --secondary: #1d67cd;

Import trace:
  Client Component Browser:
    ./Desktop/wix-clone/app/globals.css [Client Component Browser]
    ./Desktop/wix-clone/app/layout.tsx [Server Component] @ http://localhost:3002/_next/static/chunks/0bnc_next_dist_0rv7lw.._.js:1945
[   28182ms] [LOG] [Fast Refresh] rebuilding @ http://localhost:3002/_next/static/chunks/0bnc_next_dist_0rv7lw.._.js:1226
[   32319ms] [ERROR] ./Desktop/wix-clone/app/globals.css:1162:8
Parsing CSS source code failed
  1160 |   }
  1161 | }
> 1162 | @import url('https://fonts.googleapis.com/css2?family=Work+Sans:wght@200;300;400;500;600...
       |        ^
  1163 | :root {
  1164 |   --primary: #093e98;
  1165 |   --secondary: #1d67cd;

@import rules must precede all rules aside from @charset and @layer statements

Generated code of PostCSS transform of file content of Desktop/wix-clone/app/globals.css:
./Desktop/wix-clone/app/globals.css:1162:8
  1160 |   }
  1161 | }
> 1162 | @import url('https://fonts.googleapis.com/css2?family=Work+Sans:wght@200;300;400;500;600...
       |        ^
  1163 | :root {
  1164 |   --primary: #093e98;
  1165 |   --secondary: #1d67cd;

Import trace:
  Client Component Browser:
    ./Desktop/wix-clone/app/globals.css [Client Component Browser]
    ./Desktop/wix-clone/app/layout.tsx [Server Component] @ http://localhost:3002/_next/static/chunks/0bnc_next_dist_0rv7lw.._.js:1945
[   32372ms] [LOG] [Fast Refresh] rebuilding @ http://localhost:3002/_next/static/chunks/0bnc_next_dist_0rv7lw.._.js:1226
