[      62ms] [ERROR] Failed to load resource: the server responded with a status of 500 (Internal Server Error) @ http://localhost:3002/:0
[      70ms] [INFO] %cDownload the React DevTools for a better development experience: https://react.dev/link/react-devtools font-weight:bold @ http://localhost:3002/_next/static/chunks/0bnc_react-dom_0r1-80b._.js:15305
[      76ms] Error: ./Desktop/wix-clone/app/globals.css:1162:8
Parsing CSS source code failed
  1160 |   }
  1161 | }
> 1162 | @import url('https://fonts.googleapis.com/css2?family=Work+Sans:wght@200;300;400;500;600...
       |        ^
  1163 | :root {
  1164 |   --primary: #093e98;
  1165 |   --secondary: #1d67cd;

@import rules must precede all rules aside from @charset and @layer statements

Generated code of PostCSS transform of file content of Desktop/wix-clone/app/globals.css:
./Desktop/wix-clone/app/globals.css:1162:8
  1160 |   }
  1161 | }
> 1162 | @import url('https://fonts.googleapis.com/css2?family=Work+Sans:wght@200;300;400;500;600...
       |        ^
  1163 | :root {
  1164 |   --primary: #093e98;
  1165 |   --secondary: #1d67cd;

Import trace:
  Client Component Browser:
    ./Desktop/wix-clone/app/globals.css [Client Component Browser]
    ./Desktop/wix-clone/app/layout.tsx [Server Component]


    at <unknown> (Error: ./Desktop/wix-clone/app/globals.css:1162:8)
    at <unknown> (./Desktop/wix-clone/app/globals.css:1162:8)
    at Object.getCompilationErrors (file:///Users/ethan/Desktop/wix-clone/node_modules/next/dist/server/dev/hot-reloader-turbopack.js:1186:59)
    at DevBundlerService.getCompilationError (file:///Users/ethan/Desktop/wix-clone/node_modules/next/dist/server/lib/dev-bundler-service.js:44:55)
    at DevServer.getCompilationError (file:///Users/ethan/Desktop/wix-clone/node_modules/next/dist/server/dev/next-dev-server.js:720:42)
    at DevServer.findPageComponents (file:///Users/ethan/Desktop/wix-clone/node_modules/next/dist/server/dev/next-dev-server.js:690:43)
    at async DevServer.renderErrorToResponseImpl (file:///Users/ethan/Desktop/wix-clone/node_modules/next/dist/server/base-server.js:1753:26)
[      75ms] [LOG] [HMR] connected @ http://localhost:3002/_next/static/chunks/0bnc_next_dist_0rv7lw.._.js:1226
[      78ms] [ERROR] ./Desktop/wix-clone/app/globals.css:1162:8
Parsing CSS source code failed
  1160 |   }
  1161 | }
> 1162 | @import url('https://fonts.googleapis.com/css2?family=Work+Sans:wght@200;300;400;500;600...
       |        ^
  1163 | :root {
  1164 |   --primary: #093e98;
  1165 |   --secondary: #1d67cd;

@import rules must precede all rules aside from @charset and @layer statements

Generated code of PostCSS transform of file content of Desktop/wix-clone/app/globals.css:
./Desktop/wix-clone/app/globals.css:1162:8
  1160 |   }
  1161 | }
> 1162 | @import url('https://fonts.googleapis.com/css2?family=Work+Sans:wght@200;300;400;500;600...
       |        ^
  1163 | :root {
  1164 |   --primary: #093e98;
  1165 |   --secondary: #1d67cd;

Import trace:
  Client Component Browser:
    ./Desktop/wix-clone/app/globals.css [Client Component Browser]
    ./Desktop/wix-clone/app/layout.tsx [Server Component] @ http://localhost:3002/_next/static/chunks/0bnc_next_dist_0rv7lw.._.js:1945
[     110ms] [ERROR] ./Desktop/wix-clone/app/globals.css:1162:8
Parsing CSS source code failed
  1160 |   }
  1161 | }
> 1162 | @import url('https://fonts.googleapis.com/css2?family=Work+Sans:wght@200;300;400;500;600...
       |        ^
  1163 | :root {
  1164 |   --primary: #093e98;
  1165 |   --secondary: #1d67cd;

@import rules must precede all rules aside from @charset and @layer statements

Generated code of PostCSS transform of file content of Desktop/wix-clone/app/globals.css:
./Desktop/wix-clone/app/globals.css:1162:8
  1160 |   }
  1161 | }
> 1162 | @import url('https://fonts.googleapis.com/css2?family=Work+Sans:wght@200;300;400;500;600...
       |        ^
  1163 | :root {
  1164 |   --primary: #093e98;
  1165 |   --secondary: #1d67cd;

Import trace:
  Client Component Browser:
    ./Desktop/wix-clone/app/globals.css [Client Component Browser]
    ./Desktop/wix-clone/app/layout.tsx [Server Component] @ http://localhost:3002/_next/static/chunks/0bnc_next_dist_0rv7lw.._.js:1945
[   19379ms] [LOG] [Fast Refresh] rebuilding @ http://localhost:3002/_next/static/chunks/0bnc_next_dist_0rv7lw.._.js:1226
[   19410ms] [LOG] [Fast Refresh] done in 22ms @ http://localhost:3002/_next/static/chunks/0bnc_next_dist_0rv7lw.._.js:1226
[   19519ms] [LOG] [Fast Refresh] rebuilding @ http://localhost:3002/_next/static/chunks/0bnc_next_dist_0rv7lw.._.js:1226
[   19551ms] [LOG] [Fast Refresh] done in 133ms @ http://localhost:3002/_next/static/chunks/0bnc_next_dist_0rv7lw.._.js:1226
[   20220ms] [INFO] %cDownload the React DevTools for a better development experience: https://react.dev/link/react-devtools font-weight:bold @ http://localhost:3002/_next/static/chunks/0bnc_next_dist_0hnfry5._.js:2477
[   20256ms] [LOG] [HMR] connected @ http://localhost:3002/_next/static/chunks/0bnc_next_dist_0hnfry5._.js:2477
[   20291ms] [WARNING] Image with src "/assets/icone_temps.png" has either width or height modified, but not the other. If you use CSS to change the size of your image, also include the styles 'width: "auto"' or 'height: "auto"' to maintain the aspect ratio. @ http://localhost:3002/_next/static/chunks/0bnc_next_dist_0hnfry5._.js:2477
[   20291ms] [WARNING] Image with src "/assets/icone_documents.png" has either width or height modified, but not the other. If you use CSS to change the size of your image, also include the styles 'width: "auto"' or 'height: "auto"' to maintain the aspect ratio. @ http://localhost:3002/_next/static/chunks/0bnc_next_dist_0hnfry5._.js:2477
[   20291ms] [WARNING] Image with src "/assets/icone_sante.png" has either width or height modified, but not the other. If you use CSS to change the size of your image, also include the styles 'width: "auto"' or 'height: "auto"' to maintain the aspect ratio. @ http://localhost:3002/_next/static/chunks/0bnc_next_dist_0hnfry5._.js:2477
[   20291ms] [WARNING] Image with src "/assets/icone_argent.png" has either width or height modified, but not the other. If you use CSS to change the size of your image, also include the styles 'width: "auto"' or 'height: "auto"' to maintain the aspect ratio. @ http://localhost:3002/_next/static/chunks/0bnc_next_dist_0hnfry5._.js:2477
[   20397ms] [ERROR] Failed to load resource: the server responded with a status of 400 (Bad Request) @ http://localhost:3002/_next/image?url=%2Fassets%2Fameli-thumbnail.png&w=1920&q=75:0
[   20398ms] [ERROR] Failed to load resource: the server responded with a status of 400 (Bad Request) @ http://localhost:3002/_next/image?url=%2Fassets%2Ftestimonial-bg.jpg&w=3840&q=75:0
[   29664ms] [LOG] [Fast Refresh] rebuilding @ http://localhost:3002/_next/static/chunks/0bnc_next_dist_0hnfry5._.js:2477
[   29873ms] [LOG] [Fast Refresh] done in 68ms @ http://localhost:3002/_next/static/chunks/0bnc_next_dist_0hnfry5._.js:2477
[   30165ms] [INFO] %cDownload the React DevTools for a better development experience: https://react.dev/link/react-devtools font-weight:bold @ http://localhost:3002/_next/static/chunks/0bnc_next_dist_0hnfry5._.js:2477
[   30211ms] [LOG] [HMR] connected @ http://localhost:3002/_next/static/chunks/0bnc_next_dist_0hnfry5._.js:2477
[   30221ms] [ERROR] Failed to load resource: the server responded with a status of 400 (Bad Request) @ http://localhost:3002/_next/image?url=%2Fassets%2Ftestimonial-bg.jpg&w=3840&q=75:0
[   30221ms] [ERROR] Failed to load resource: the server responded with a status of 400 (Bad Request) @ http://localhost:3002/_next/image?url=%2Fassets%2Fameli-thumbnail.png&w=1920&q=75:0
[   30228ms] [WARNING] Image with src "/assets/icone_temps.png" has either width or height modified, but not the other. If you use CSS to change the size of your image, also include the styles 'width: "auto"' or 'height: "auto"' to maintain the aspect ratio. @ http://localhost:3002/_next/static/chunks/0bnc_next_dist_0hnfry5._.js:2477
[   30228ms] [WARNING] Image with src "/assets/icone_documents.png" has either width or height modified, but not the other. If you use CSS to change the size of your image, also include the styles 'width: "auto"' or 'height: "auto"' to maintain the aspect ratio. @ http://localhost:3002/_next/static/chunks/0bnc_next_dist_0hnfry5._.js:2477
[   30229ms] [WARNING] Image with src "/assets/icone_sante.png" has either width or height modified, but not the other. If you use CSS to change the size of your image, also include the styles 'width: "auto"' or 'height: "auto"' to maintain the aspect ratio. @ http://localhost:3002/_next/static/chunks/0bnc_next_dist_0hnfry5._.js:2477
[   30229ms] [WARNING] Image with src "/assets/icone_argent.png" has either width or height modified, but not the other. If you use CSS to change the size of your image, also include the styles 'width: "auto"' or 'height: "auto"' to maintain the aspect ratio. @ http://localhost:3002/_next/static/chunks/0bnc_next_dist_0hnfry5._.js:2477
